// Vitest Snapshot v1, https://vitest.dev/guide/snapshot.html

exports[`Test LambdaAstroSite > Expect match snapshot 1`] = `
{
  "Outputs": {
    "TestSiteBucketArn3086CE28": {
      "Value": {
        "Fn::GetAtt": [
          "TestSiteBucket722B9E9B",
          "Arn",
        ],
      },
    },
    "TestSiteBucketNameCA295A85": {
      "Value": {
        "Ref": "TestSiteBucket722B9E9B",
      },
    },
    "TestSiteCloudFrontDomainName28EBB168": {
      "Value": {
        "Fn::GetAtt": [
          "TestSiteDistribution7B61650D",
          "DomainName",
        ],
      },
    },
    "TestSiteFunctionArnE2BE3008": {
      "Value": {
        "Fn::GetAtt": [
          "TestSiteEdgeFunction0AA60362",
          "Arn",
        ],
      },
    },
    "TestSiteFunctionNameE92EE45D": {
      "Value": {
        "Ref": "TestSiteEdgeFunction0AA60362",
      },
    },
  },
  "Parameters": {
    "BootstrapVersion": {
      "Default": "/cdk-bootstrap/hnb659fds/version",
      "Description": "Version of the CDK Bootstrap resources in this environment, automatically retrieved from SSM Parameter Store. [cdk:skip]",
      "Type": "AWS::SSM::Parameter::Value<String>",
    },
  },
  "Resources": {
    "CustomCDKBucketDeployment8693BB64968944B69AAFB0CC9EB8756C81C01536": {
      "DependsOn": [
        "CustomCDKBucketDeployment8693BB64968944B69AAFB0CC9EB8756CServiceRoleDefaultPolicy88902FDF",
        "CustomCDKBucketDeployment8693BB64968944B69AAFB0CC9EB8756CServiceRole89A01265",
      ],
      "Properties": {
        "Code": {
          "S3Bucket": {
            "Fn::Sub": "cdk-hnb659fds-assets-\${AWS::AccountId}-\${AWS::Region}",
          },
          "S3Key": "de91205450df70f943fbde8ad6f4eec685d4c82c11ddec668199a8d2ec4d7065.zip",
        },
        "Handler": "index.handler",
        "Layers": [
          {
            "Ref": "TestSiteBucketDeploymentAwsCliLayerD8E01993",
          },
        ],
        "Role": {
          "Fn::GetAtt": [
            "CustomCDKBucketDeployment8693BB64968944B69AAFB0CC9EB8756CServiceRole89A01265",
            "Arn",
          ],
        },
        "Runtime": "python3.9",
        "Timeout": 900,
      },
      "Type": "AWS::Lambda::Function",
    },
    "CustomCDKBucketDeployment8693BB64968944B69AAFB0CC9EB8756CServiceRole89A01265": {
      "Properties": {
        "AssumeRolePolicyDocument": {
          "Statement": [
            {
              "Action": "sts:AssumeRole",
              "Effect": "Allow",
              "Principal": {
                "Service": "lambda.amazonaws.com",
              },
            },
          ],
          "Version": "2012-10-17",
        },
        "ManagedPolicyArns": [
          {
            "Fn::Join": [
              "",
              [
                "arn:",
                {
                  "Ref": "AWS::Partition",
                },
                ":iam::aws:policy/service-role/AWSLambdaBasicExecutionRole",
              ],
            ],
          },
        ],
      },
      "Type": "AWS::IAM::Role",
    },
    "CustomCDKBucketDeployment8693BB64968944B69AAFB0CC9EB8756CServiceRoleDefaultPolicy88902FDF": {
      "Properties": {
        "PolicyDocument": {
          "Statement": [
            {
              "Action": [
                "s3:GetObject*",
                "s3:GetBucket*",
                "s3:List*",
              ],
              "Effect": "Allow",
              "Resource": [
                {
                  "Fn::Join": [
                    "",
                    [
                      "arn:",
                      {
                        "Ref": "AWS::Partition",
                      },
                      ":s3:::",
                      {
                        "Fn::Sub": "cdk-hnb659fds-assets-\${AWS::AccountId}-\${AWS::Region}",
                      },
                    ],
                  ],
                },
                {
                  "Fn::Join": [
                    "",
                    [
                      "arn:",
                      {
                        "Ref": "AWS::Partition",
                      },
                      ":s3:::",
                      {
                        "Fn::Sub": "cdk-hnb659fds-assets-\${AWS::AccountId}-\${AWS::Region}",
                      },
                      "/*",
                    ],
                  ],
                },
              ],
            },
            {
              "Action": [
                "s3:GetObject*",
                "s3:GetBucket*",
                "s3:List*",
                "s3:DeleteObject*",
                "s3:PutObject",
                "s3:PutObjectLegalHold",
                "s3:PutObjectRetention",
                "s3:PutObjectTagging",
                "s3:PutObjectVersionTagging",
                "s3:Abort*",
              ],
              "Effect": "Allow",
              "Resource": [
                {
                  "Fn::GetAtt": [
                    "TestSiteBucket722B9E9B",
                    "Arn",
                  ],
                },
                {
                  "Fn::Join": [
                    "",
                    [
                      {
                        "Fn::GetAtt": [
                          "TestSiteBucket722B9E9B",
                          "Arn",
                        ],
                      },
                      "/*",
                    ],
                  ],
                },
              ],
            },
          ],
          "Version": "2012-10-17",
        },
        "PolicyName": "CustomCDKBucketDeployment8693BB64968944B69AAFB0CC9EB8756CServiceRoleDefaultPolicy88902FDF",
        "Roles": [
          {
            "Ref": "CustomCDKBucketDeployment8693BB64968944B69AAFB0CC9EB8756CServiceRole89A01265",
          },
        ],
      },
      "Type": "AWS::IAM::Policy",
    },
    "TestSiteBucket722B9E9B": {
      "DeletionPolicy": "Retain",
      "Properties": {
        "Tags": [
          {
            "Key": "aws-cdk:cr-owned:cc5bd9f8",
            "Value": "true",
          },
        ],
      },
      "Type": "AWS::S3::Bucket",
      "UpdateReplacePolicy": "Retain",
    },
    "TestSiteBucketDeploymentAwsCliLayerD8E01993": {
      "Properties": {
        "Content": {
          "S3Bucket": {
            "Fn::Sub": "cdk-hnb659fds-assets-\${AWS::AccountId}-\${AWS::Region}",
          },
          "S3Key": "a3b50bcf02563ef9ac5444957bb7982a8cc320ef6c48a2281481a3d997d34776.zip",
        },
        "Description": "/opt/awscli/aws",
      },
      "Type": "AWS::Lambda::LayerVersion",
    },
    "TestSiteBucketDeploymentCustomResource12F3C1EB": {
      "DeletionPolicy": "Delete",
      "Properties": {
        "DestinationBucketName": {
          "Ref": "TestSiteBucket722B9E9B",
        },
        "Prune": true,
        "ServiceToken": {
          "Fn::GetAtt": [
            "CustomCDKBucketDeployment8693BB64968944B69AAFB0CC9EB8756C81C01536",
            "Arn",
          ],
        },
        "SourceBucketNames": [
          {
            "Fn::Sub": "cdk-hnb659fds-assets-\${AWS::AccountId}-\${AWS::Region}",
          },
        ],
        "SourceObjectKeys": [
          "d392246897ac937e6e71a1323092f897e754affea87f754f3d252a22ceaca64d.zip",
        ],
      },
      "Type": "Custom::CDKBucketDeployment",
      "UpdateReplacePolicy": "Delete",
    },
    "TestSiteBucketPolicy38B317BC": {
      "Properties": {
        "Bucket": {
          "Ref": "TestSiteBucket722B9E9B",
        },
        "PolicyDocument": {
          "Statement": [
            {
              "Action": [
                "s3:GetObject*",
                "s3:GetBucket*",
                "s3:List*",
              ],
              "Effect": "Allow",
              "Principal": {
                "CanonicalUser": {
                  "Fn::GetAtt": [
                    "TestSiteOriginAccessIdentity031C693B",
                    "S3CanonicalUserId",
                  ],
                },
              },
              "Resource": [
                {
                  "Fn::GetAtt": [
                    "TestSiteBucket722B9E9B",
                    "Arn",
                  ],
                },
                {
                  "Fn::Join": [
                    "",
                    [
                      {
                        "Fn::GetAtt": [
                          "TestSiteBucket722B9E9B",
                          "Arn",
                        ],
                      },
                      "/*",
                    ],
                  ],
                },
              ],
            },
            {
              "Action": "s3:GetObject",
              "Effect": "Allow",
              "Principal": {
                "CanonicalUser": {
                  "Fn::GetAtt": [
                    "TestSiteOriginAccessIdentity031C693B",
                    "S3CanonicalUserId",
                  ],
                },
              },
              "Resource": {
                "Fn::Join": [
                  "",
                  [
                    {
                      "Fn::GetAtt": [
                        "TestSiteBucket722B9E9B",
                        "Arn",
                      ],
                    },
                    "/*",
                  ],
                ],
              },
            },
          ],
          "Version": "2012-10-17",
        },
      },
      "Type": "AWS::S3::BucketPolicy",
    },
    "TestSiteDistribution7B61650D": {
      "Properties": {
        "DistributionConfig": {
          "DefaultCacheBehavior": {
            "AllowedMethods": [
              "GET",
              "HEAD",
              "OPTIONS",
              "PUT",
              "PATCH",
              "POST",
              "DELETE",
            ],
            "CachePolicyId": "658327ea-f89d-4fab-a63d-7e88639e58f6",
            "Compress": true,
            "LambdaFunctionAssociations": [
              {
                "EventType": "origin-request",
                "IncludeBody": true,
                "LambdaFunctionARN": {
                  "Ref": "TestSiteEdgeFunctionCurrentVersion108B3BE23f17ec91bf7d2addf37fc622de57e775",
                },
              },
            ],
            "OriginRequestPolicyId": "acba4595-bd28-49b8-b9fe-13317c0390fa",
            "ResponseHeadersPolicyId": "eaab4381-ed33-4a86-88ca-d9558dc6cd63",
            "TargetOriginId": "TestSiteDistributionOrigin1026CC2AE",
            "ViewerProtocolPolicy": "redirect-to-https",
          },
          "Enabled": true,
          "HttpVersion": "http2",
          "IPV6Enabled": true,
          "Origins": [
            {
              "DomainName": {
                "Fn::GetAtt": [
                  "TestSiteBucket722B9E9B",
                  "RegionalDomainName",
                ],
              },
              "Id": "TestSiteDistributionOrigin1026CC2AE",
              "S3OriginConfig": {
                "OriginAccessIdentity": {
                  "Fn::Join": [
                    "",
                    [
                      "origin-access-identity/cloudfront/",
                      {
                        "Ref": "TestSiteOriginAccessIdentity031C693B",
                      },
                    ],
                  ],
                },
              },
            },
          ],
        },
      },
      "Type": "AWS::CloudFront::Distribution",
    },
    "TestSiteEdgeFunction0AA60362": {
      "DependsOn": [
        "TestSiteEdgeFunctionServiceRole0A74CE15",
      ],
      "Properties": {
        "Code": {
          "S3Bucket": {
            "Fn::Sub": "cdk-hnb659fds-assets-\${AWS::AccountId}-\${AWS::Region}",
          },
          "S3Key": "5e1cfc71811b7b7ae660dfdcccc5570dee0bce2be7b1936a263ad125a5032ee6.zip",
        },
        "Handler": "index.handler",
        "Role": {
          "Fn::GetAtt": [
            "TestSiteEdgeFunctionServiceRole0A74CE15",
            "Arn",
          ],
        },
        "Runtime": "nodejs18.x",
      },
      "Type": "AWS::Lambda::Function",
    },
    "TestSiteEdgeFunctionCurrentVersion108B3BE23f17ec91bf7d2addf37fc622de57e775": {
      "Properties": {
        "FunctionName": {
          "Ref": "TestSiteEdgeFunction0AA60362",
        },
      },
      "Type": "AWS::Lambda::Version",
    },
    "TestSiteEdgeFunctionServiceRole0A74CE15": {
      "Properties": {
        "AssumeRolePolicyDocument": {
          "Statement": [
            {
              "Action": "sts:AssumeRole",
              "Effect": "Allow",
              "Principal": {
                "Service": "lambda.amazonaws.com",
              },
            },
            {
              "Action": "sts:AssumeRole",
              "Effect": "Allow",
              "Principal": {
                "Service": "edgelambda.amazonaws.com",
              },
            },
          ],
          "Version": "2012-10-17",
        },
        "ManagedPolicyArns": [
          {
            "Fn::Join": [
              "",
              [
                "arn:",
                {
                  "Ref": "AWS::Partition",
                },
                ":iam::aws:policy/service-role/AWSLambdaBasicExecutionRole",
              ],
            ],
          },
        ],
      },
      "Type": "AWS::IAM::Role",
    },
    "TestSiteOriginAccessIdentity031C693B": {
      "Properties": {
        "CloudFrontOriginAccessIdentityConfig": {
          "Comment": "Allows CloudFront to reach the bucket",
        },
      },
      "Type": "AWS::CloudFront::CloudFrontOriginAccessIdentity",
    },
  },
  "Rules": {
    "CheckBootstrapVersion": {
      "Assertions": [
        {
          "Assert": {
            "Fn::Not": [
              {
                "Fn::Contains": [
                  [
                    "1",
                    "2",
                    "3",
                    "4",
                    "5",
                  ],
                  {
                    "Ref": "BootstrapVersion",
                  },
                ],
              },
            ],
          },
          "AssertDescription": "CDK bootstrap stack version 6 required. Please run 'cdk bootstrap' with a recent version of the CDK CLI.",
        },
      ],
    },
  },
}
`;
